// Bun Snapshot v1, https://bun.sh/docs/test/snapshots

exports[`App view mode matches snapshot 1`] = `
" inktty | snap.md                           view  code  | tab: toggle | q: quit 
                                                                                
 Hello                                                                          
                                                                                
 This is bold text.                                                             
                                                                                
                                                                                
                                                                                
                                                                                
                                                                                
                                                                                
                                                                                
                                                                                
                                                                                
                                                                                
                                                                                
                                                                                
                                                                                
                                                                                
                                                                                
                                                                                
                                                                                
                                                                                
                                                                                
"
`;

exports[`App code mode matches snapshot 1`] = `
" inktty | snap.md            view  code  | tab: toggle | l: lines off | q: quit 
                                                                                
 # Hello                                                                        
                                                                                
 This is **bold** text.                                                         
                                                                                
                                                                                
                                                                                
                                                                                
                                                                                
                                                                                
                                                                                
                                                                                
                                                                                
                                                                                
                                                                                
                                                                                
                                                                                
                                                                                
                                                                                
                                                                                
                                                                                
                                                                                
                                                                                
"
`;
